2025-01-21 22:15:09.149 TRACE [Service Name: event-service, TraceId: 0f8118c9df386de008117736efd92256, SpanId: 9a3ab344e7f389b8] --- [http-nio-1122-exec-1] traceLogger                              : Invoking : 
Class: com.learn.ms.event_service.presenter.rest.api.HomeResource 
Method: getApiResponse 
Arguments Name: [] 
Arguments Value: 

2025-01-21 22:15:09.155 TRACE [Service Name: event-service, TraceId: 0f8118c9df386de008117736efd92256, SpanId: 9a3ab344e7f389b8] --- [http-nio-1122-exec-1] traceLogger                              : Invocation Returned: com.learn.ms.event_service.presenter.rest.api.HomeResource.getApiResponse Response: {"responseCode":"S100000","responseMessage":"Successfully Done.","data":"Event Service is running!"}
2025-01-21 22:16:41.548 TRACE [Service Name: event-service, TraceId: 23f1520a0b0fac1480a2350dc1c21ea9, SpanId: a0a373c4679ccb2c] --- [http-nio-1122-exec-3] traceLogger                              : Invoking : 
Class: com.learn.ms.event_service.presenter.rest.api.HomeResource 
Method: getApiResponse 
Arguments Name: [] 
Arguments Value: 

2025-01-21 22:16:48.624 TRACE [Service Name: event-service, TraceId: 23f1520a0b0fac1480a2350dc1c21ea9, SpanId: a0a373c4679ccb2c] --- [http-nio-1122-exec-3] traceLogger                              : Invocation Returned: com.learn.ms.event_service.presenter.rest.api.HomeResource.getApiResponse Response: {"responseCode":"S100000","responseMessage":"Successfully Done.","data":"Event Service is running!"}
2025-01-21 22:18:03.543 TRACE [Service Name: event-service, TraceId: 8e394843e2791fae0712f8ab67b5b3cb, SpanId: 4ca8b0ceb00b750e] --- [http-nio-1122-exec-1] traceLogger                              : Invoking : 
Class: com.learn.ms.event_service.presenter.rest.api.HomeResource 
Method: getApiResponse 
Arguments Name: [] 
Arguments Value: 

2025-01-21 22:18:03.547 TRACE [Service Name: event-service, TraceId: 8e394843e2791fae0712f8ab67b5b3cb, SpanId: 4ca8b0ceb00b750e] --- [http-nio-1122-exec-1] traceLogger                              : Invocation Returned: com.learn.ms.event_service.presenter.rest.api.HomeResource.getApiResponse Response: {"responseCode":"S100000","responseMessage":"Successfully Done.","data":"Event Service is running!"}
2025-01-21 22:19:00.135 TRACE [Service Name: event-service, TraceId: 666c14defd58677150c3a6a5262b7c94, SpanId: eca72187b9c5d98f] --- [http-nio-1122-exec-1] traceLogger                              : Invoking : 
Class: com.learn.ms.event_service.presenter.rest.api.HomeResource 
Method: getApiResponse 
Arguments Name: [] 
Arguments Value: 

2025-01-21 22:19:00.139 TRACE [Service Name: event-service, TraceId: 666c14defd58677150c3a6a5262b7c94, SpanId: eca72187b9c5d98f] --- [http-nio-1122-exec-1] traceLogger                              : Invocation Returned: com.learn.ms.event_service.presenter.rest.api.HomeResource.getApiResponse Response: {"responseCode":"S100000","responseMessage":"Successfully Done.","data":"Event Service is running!"}
2025-01-21 22:20:51.955 TRACE [Service Name: event-service, TraceId: f84ad8c321692586c073454b53196a3c, SpanId: 969251679a565048] --- [http-nio-1122-exec-1] traceLogger                              : Invoking : 
Class: com.learn.ms.event_service.presenter.rest.api.HomeResource 
Method: getApiResponse 
Arguments Name: [] 
Arguments Value: 

2025-01-21 22:20:51.958 TRACE [Service Name: event-service, TraceId: f84ad8c321692586c073454b53196a3c, SpanId: 969251679a565048] --- [http-nio-1122-exec-1] traceLogger                              : Invocation Returned: com.learn.ms.event_service.presenter.rest.api.HomeResource.getApiResponse Response: {"responseCode":"S100000","responseMessage":"Successfully Done.","data":"Event Service is running!"}
2025-01-21 22:20:54.450 TRACE [Service Name: event-service, TraceId: e3fe609493dbbb60437a22bc8515acc9, SpanId: 38648a56d4750bdd] --- [http-nio-1122-exec-2] traceLogger                              : Invoking : 
Class: com.learn.ms.event_service.presenter.rest.api.HomeResource 
Method: getApiResponse 
Arguments Name: [] 
Arguments Value: 

2025-01-21 22:20:54.450 TRACE [Service Name: event-service, TraceId: e3fe609493dbbb60437a22bc8515acc9, SpanId: 38648a56d4750bdd] --- [http-nio-1122-exec-2] traceLogger                              : Invocation Returned: com.learn.ms.event_service.presenter.rest.api.HomeResource.getApiResponse Response: {"responseCode":"S100000","responseMessage":"Successfully Done.","data":"Event Service is running!"}
2025-01-21 22:24:39.051 TRACE [Service Name: event-service, TraceId: 6a421f35fcd6b9f428e50a88aad07ad6, SpanId: b7a5592383d2159a] --- [http-nio-1122-exec-1] traceLogger                              : Invoking : 
Class: com.learn.ms.event_service.presenter.rest.api.HomeResource 
Method: getApiResponse 
Arguments Name: [] 
Arguments Value: 

2025-01-21 22:24:39.054 TRACE [Service Name: event-service, TraceId: 6a421f35fcd6b9f428e50a88aad07ad6, SpanId: b7a5592383d2159a] --- [http-nio-1122-exec-1] traceLogger                              : Invocation Returned: com.learn.ms.event_service.presenter.rest.api.HomeResource.getApiResponse Response: {"responseCode":"S100000","responseMessage":"Successfully Done.","data":"Event Service is running!"}
2025-01-21 22:25:55.477 TRACE [Service Name: event-service, TraceId: b3e34a6217158bb6f143943984d217b2, SpanId: fb2edece0cfc55b9] --- [http-nio-1122-exec-1] traceLogger                              : Invoking : 
Class: com.learn.ms.event_service.presenter.rest.api.HomeResource 
Method: getApiResponse 
Arguments Name: [] 
Arguments Value: 

2025-01-21 22:25:55.480 TRACE [Service Name: event-service, TraceId: b3e34a6217158bb6f143943984d217b2, SpanId: fb2edece0cfc55b9] --- [http-nio-1122-exec-1] traceLogger                              : Invocation Returned: com.learn.ms.event_service.presenter.rest.api.HomeResource.getApiResponse Response: {"responseCode":"S100000","responseMessage":"Successfully Done.","data":"Event Service is running!"}
